BLDEA-CSE@bldea1 MINGW64 ~ (master)
$ mkdir 23cs037

BLDEA-CSE@bldea1 MINGW64 ~ (master)
$ cd 23cs037

BLDEA-CSE@bldea1 MINGW64 ~/23cs037 (master)
$ git init
Initialized empty Git repository in C:/Users/BLDEA-CSE/23cs037/.git/

BLDEA-CSE@bldea1 MINGW64 ~/23cs037 (master)
$ git status
On branch master

No commits yet

nothing to commit (create/copy files and use "git add" to track)

BLDEA-CSE@bldea1 MINGW64 ~/23cs037 (master)
$ nano new.txt

BLDEA-CSE@bldea1 MINGW64 ~/23cs037 (master)
$ git config --global user.email "bhaskaryankanchi360@gmail.com"

BLDEA-CSE@bldea1 MINGW64 ~/23cs037 (master)
$ git config --local user.name "NearestStar"

BLDEA-CSE@bldea1 MINGW64 ~/23cs037 (master)
$ nano suva.txt

BLDEA-CSE@bldea1 MINGW64 ~/23cs037 (master)
$ git status
On branch master

No commits yet

Untracked files:
  (use "git add <file>..." to include in what will be committed)
        new.txt
        suva.txt

nothing added to commit but untracked files present (use "git add" to track)

BLDEA-CSE@bldea1 MINGW64 ~/23cs037 (master)
$ git remote add origin https://github.com/NearestStar/23cs037

BLDEA-CSE@bldea1 MINGW64 ~/23cs037 (master)
$ git add suva.txt
warning: in the working copy of 'suva.txt', LF will be replaced by CRLF the next time Git touches it

BLDEA-CSE@bldea1 MINGW64 ~/23cs037 (master)
$ git add new.txt
warning: in the working copy of 'new.txt', LF will be replaced by CRLF the next time Git touches it

BLDEA-CSE@bldea1 MINGW64 ~/23cs037 (master)
$ git commit -m "first text file"
[master (root-commit) 1eeebce] first text file
 2 files changed, 3 insertions(+)
 create mode 100644 new.txt
 create mode 100644 suva.txt

BLDEA-CSE@bldea1 MINGW64 ~/23cs037 (master)
$ git push origin master
Enumerating objects: 4, done.
Counting objects: 100% (4/4), done.
Delta compression using up to 20 threads
Compressing objects: 100% (2/2), done.
Writing objects: 100% (4/4), 300 bytes | 300.00 KiB/s, done.
Total 4 (delta 0), reused 0 (delta 0), pack-reused 0
remote:
remote: Create a pull request for 'master' on GitHub by visiting:
remote:      https://github.com/NearestStar/23cs037/pull/new/master
remote:
To https://github.com/NearestStar/23cs037
 * [new branch]      master -> master

BLDEA-CSE@bldea1 MINGW64 ~/23cs037 (master)
$ git status
On branch master
nothing to commit, working tree clean

BLDEA-CSE@bldea1 MINGW64 ~/23cs037 (master)
$ git branch
* master

BLDEA-CSE@bldea1 MINGW64 ~/23cs037 (master)
$ git branch feature-branch

BLDEA-CSE@bldea1 MINGW64 ~/23cs037 (master)
$ git branch
  feature-branch
* master

BLDEA-CSE@bldea1 MINGW64 ~/23cs037 (master)
$ git checkout feature-branch
Switched to branch 'feature-branch'

BLDEA-CSE@bldea1 MINGW64 ~/23cs037 (feature-branch)
$ git branch
* feature-branch
  master

BLDEA-CSE@bldea1 MINGW64 ~/23cs037 (feature-branch)
$ nano exp2.txt

BLDEA-CSE@bldea1 MINGW64 ~/23cs037 (feature-branch)
$ git commit -m "have a nice day"
On branch feature-branch
Untracked files:
  (use "git add <file>..." to include in what will be committed)
        exp2.txt

nothing added to commit but untracked files present (use "git add" to track)

BLDEA-CSE@bldea1 MINGW64 ~/23cs037 (feature-branch)
$ git add exp2.txt
warning: in the working copy of 'exp2.txt', LF will be replaced by CRLF the next time Git touches it

BLDEA-CSE@bldea1 MINGW64 ~/23cs037 (feature-branch)
$ git commit -m "Have a nice day"
[feature-branch e87269e] Have a nice day
 1 file changed, 1 insertion(+)
 create mode 100644 exp2.txt

BLDEA-CSE@bldea1 MINGW64 ~/23cs037 (feature-branch)
$ git push origin feature-branch
Enumerating objects: 4, done.
Counting objects: 100% (4/4), done.
Delta compression using up to 20 threads
Compressing objects: 100% (2/2), done.
Writing objects: 100% (3/3), 331 bytes | 331.00 KiB/s, done.
Total 3 (delta 0), reused 0 (delta 0), pack-reused 0
remote:
remote: Create a pull request for 'feature-branch' on GitHub by visiting:
remote:      https://github.com/NearestStar/23cs037/pull/new/feature-branch
remote:
To https://github.com/NearestStar/23cs037
 * [new branch]      feature-branch -> feature-branch

BLDEA-CSE@bldea1 MINGW64 ~/23cs037 (feature-branch)
$ git checkout master
Switched to branch 'master'

BLDEA-CSE@bldea1 MINGW64 ~/23cs037 (master)
$ git merge feature-branch
Updating 1eeebce..e87269e
Fast-forward
 exp2.txt | 1 +
 1 file changed, 1 insertion(+)
 create mode 100644 exp2.txt

BLDEA-CSE@bldea1 MINGW64 ~/23cs037 (master)
$ git push -u origin master
Total 0 (delta 0), reused 0 (delta 0), pack-reused 0
To https://github.com/NearestStar/23cs037
   1eeebce..e87269e  master -> master
branch 'master' set up to track 'origin/master'.

BLDEA-CSE@bldea1 MINGW64 ~/23cs037 (master)
$
